
In SA-shellcheck-001 line 96:
    SA_TEST_CASES=$(ls -1 | grep "^SA" | grep -v "\.")
                    ^-- SC2010: Don't use ls | grep. Use a glob or a for loop with a condition to allow non-alphanumeric filenames.


In SA-shellcheck-001 line 98:
    NO_TEST_CASES=$(ls -1 | grep "^SA" | grep -v "\." -c)
                    ^-- SC2010: Don't use ls | grep. Use a glob or a for loop with a condition to allow non-alphanumeric filenames.


In SA-shellcheck-001 line 141:
    FVT_TEST_CASES=$(ls -1 | grep "^FVT" | grep -v "\.")
                     ^-- SC2010: Don't use ls | grep. Use a glob or a for loop with a condition to allow non-alphanumeric filenames.


In SA-shellcheck-001 line 143:
    NO_TEST_CASES=$(ls -1 | grep "^FVT" | grep -v "\." -c)
                    ^-- SC2010: Don't use ls | grep. Use a glob or a for loop with a condition to allow non-alphanumeric filenames.

