
[1m    Invalid option, [33m-filename=test/test[37m, try [33m--usage(B[m

