
[1m    Argument for [33m--systems=[37m is not found on command line.(B[m

