[m    test/test file is not found or is empty or is not readable
