[m    test-FVT-option-filename-hooks-005 file is not found or is empty or is not readable
