
[1m    Invalid option, [33m-f=[37m, try [33m--usage(B[m

