
[1m    Argument for [33m-s=[37m is not found on command line.(B[m

