
[1m    Argument for [33m--datadir[37m is not found on command line.(B[m

