[m    Cluster directory name, us-tx-cluster-1/, not found.
