[m    SYSTEMS filename, test/test, includes a '/'.
