
[1m    Invalid option, [33m--f=test/test[37m, try [33m--usage(B[m

