[m    test-FVT-option-filename-hooks-006 file is not found or is empty or is not readable
