
[1m    Argument for [33m-d=[37m is not found on command line.(B[m

