
[1m    Invalid option, [33m--filename=[37m, try [33m--usage(B[m

