[m    Path to cluster data directory, test/test, not found.
