
In ../../../bin/git-TEST-cases.sh line 183:
  cd $(find . -type d -name "${FILE_NAME}")  #  >>>  need to add ERROR to this exit 1
     ^-- SC2046: Quote this to prevent word splitting.


In ../../../bin/git-TEST-cases.sh line 212:
      TEST_CASE_DIR_LIST=$(ls -1d "${i}"/* | cut -c 3-)
                           ^-- SC2012: Use find instead of ls to better handle non-alphanumeric filenames.


In ../../../bin/git-TEST-cases.sh line 218:
        printf "${TEST_CASE_DIR_START}\e[1;33m${TEST_CASE_DIR_END}\033[0m \n"
               ^-- SC2059: Don't use variables in the printf format string. Use printf "..%s.." "$foo".


In ../../../bin/git-TEST-cases.sh line 232:
        printf "\033[1;32m $(ls -1  "${j}" | grep -v "\." | sed 's/^/\t/')\033[0m \n"
               ^-- SC2059: Don't use variables in the printf format string. Use printf "..%s.." "$foo".
                             ^-- SC2010: Don't use ls | grep. Use a glob or a for loop with a condition to allow non-alphanumeric filenames.


In ../../../bin/git-TEST-cases.sh line 233:
        printf "\033[1;36m $(ls -1  "${j}" | grep "cleanup.sh" | sed 's/^/\t/')\033[0m\n"
               ^-- SC2059: Don't use variables in the printf format string. Use printf "..%s.." "$foo".
                             ^-- SC2010: Don't use ls | grep. Use a glob or a for loop with a condition to allow non-alphanumeric filenames.


In ../../../bin/git-TEST-cases.sh line 234:
        printf "\033[1;36m $(ls -1  "${j}" | grep "setup.sh" | sed 's/^/\t/')\033[0m\n"
               ^-- SC2059: Don't use variables in the printf format string. Use printf "..%s.." "$foo".
                             ^-- SC2010: Don't use ls | grep. Use a glob or a for loop with a condition to allow non-alphanumeric filenames.

