
In /home/uadmin/github/BradleyA/user-files/hooks/post-commit line 70:
		SAST_TEST_CASES=$(ls -1 | grep "^SAST" | grep -v "\.")
                                  ^-- SC2010: Don't use ls | grep. Use a glob or a for loop with a condition to allow non-alphanumeric filenames.


In /home/uadmin/github/BradleyA/user-files/hooks/post-commit line 72:
		NO_TEST_CASES=$(ls -1 | grep "^SAST" | grep -v "\." -c)
                                ^-- SC2010: Don't use ls | grep. Use a glob or a for loop with a condition to allow non-alphanumeric filenames.


In /home/uadmin/github/BradleyA/user-files/hooks/post-commit line 103:
		FVT_TEST_CASES=$(ls -1 | grep "^FVT" | grep -v "\.")
                                 ^-- SC2010: Don't use ls | grep. Use a glob or a for loop with a condition to allow non-alphanumeric filenames.


In /home/uadmin/github/BradleyA/user-files/hooks/post-commit line 105:
		NO_TEST_CASES=$(ls -1 | grep "^FVT" | grep -v "\." -c)
                                ^-- SC2010: Don't use ls | grep. Use a glob or a for loop with a condition to allow non-alphanumeric filenames.

