

In /home/uadmin/github/BradleyA/user-files/hooks/bin/list-git-TEST-cases.sh line 41:
		printf "${TEST_CASE_DIR_START}\e[1;33m${TEST_CASE_DIR_END}\033[0m \n"
                       ^-- SC2059: Don't use variables in the printf format string. Use printf "..%s.." "$foo".


In /home/uadmin/github/BradleyA/user-files/hooks/bin/list-git-TEST-cases.sh line 44:
		if [ "${1}" == "clean" ]  ; then cd "${REPOSITORY_DIR}/${j}" ; for k in $(ls -1) ; do { [ ! -L "$k" ] || rm -v "$k"; } ; done  ; cd "${REPOSITORY_DIR}" ; fi
                                                                                        ^-- SC2045: Iterating over ls output is fragile. Use globs.


In /home/uadmin/github/BradleyA/user-files/hooks/bin/list-git-TEST-cases.sh line 45:
		printf "\033[1;32m $(ls -1  "${j}" | grep -v "\." | sed 's/^/\t/')\033[0m \n"
                       ^-- SC2059: Don't use variables in the printf format string. Use printf "..%s.." "$foo".
                                     ^-- SC2010: Don't use ls | grep. Use a glob or a for loop with a condition to allow non-alphanumeric filenames.


In /home/uadmin/github/BradleyA/user-files/hooks/bin/list-git-TEST-cases.sh line 46:
		printf "\033[1;36m $(ls -1  "${j}" | grep "setup.sh" | sed 's/^/\t/')\033[0m\n"
                       ^-- SC2059: Don't use variables in the printf format string. Use printf "..%s.." "$foo".
                                     ^-- SC2010: Don't use ls | grep. Use a glob or a for loop with a condition to allow non-alphanumeric filenames.

