#	hooks/EXAMPLES/TEST/FVT-option-systems-001/SA-shellcheck-001.expected  3.1.280.2049  2020-12-05T21:53:08.262186-06:00 (CST)  https://github.com/BradleyA/git-TEST-commit-automation.git  master  uadmin  five-rpi3b.cptx86.com 3.1.279  
#	   hooks/EXAMPLES/FVT-option-usage-001 hooks/EXAMPLES/FVT-option-usage-002 hooks/EXAMPLES/FVT-option-usage-003 hooks/EXAMPLES/FVT-option-usage-004 hooks/EXAMPLES/TEST/FVT-option-systems-001/SA-shellcheck-001.expected -->   Production standard 1.3.614 DEBUG variable  Production standard 2.3.614 Log format (WHEN WHERE WHAT Version Line WHO UID:GID [TYPE] Message)  
