
In SA-shellcheck-001 line 59:
for k in $(ls -1 FVT-*) ; do
         ^-- SC2045: Iterating over ls output is fragile. Use globs.

