hooks/TEST/[1;33mpost-commit[0m 
#	hooks/bin/TEST/git-TEST-cases.sh/FVT-option-a-hooks-002.expected  2.134.780  2019-09-26T21:48:14.933737-05:00 (CDT)  https://github.com/BradleyA/git-TEST-commit-automation.git  uadmin  five-rpi3b.cptx86.com 2.133  
#	   rename files 
[1;32m 	SA-permission-775-001
	SA-shellcheck-001[0m 
[1;36m 	SA-cleanup.sh[0m
[1;36m 	SA-setup.sh[0m
hooks/TEST/[1;33mpre-commit[0m 
[1;32m 	SA-permission-775-001
	SA-shellcheck-001[0m 
[1;36m 	SA-cleanup.sh[0m
[1;36m 	SA-setup.sh[0m
hooks/EXAMPLES/TEST/[1;33mFVT-cleanup.sh[0m 
[1;32m 	SA-permission-775-001
	SA-shellcheck-001[0m 
[1;36m 	SA-cleanup.sh[0m
[1;36m 	SA-setup.sh[0m
hooks/EXAMPLES/TEST/[1;33mFVT-exit-code-error-1-001[0m 
[1;32m 	SA-permission-775-001
	SA-shellcheck-001[0m 
[1;36m 	SA-cleanup.sh[0m
[1;36m 	SA-setup.sh[0m
hooks/EXAMPLES/TEST/[1;33mFVT-exit-code-error-124-001[0m 
[1;32m 	SA-permission-775-001
	SA-shellcheck-001[0m 
[1;36m 	SA-cleanup.sh[0m
[1;36m 	SA-setup.sh[0m
hooks/EXAMPLES/TEST/[1;33mFVT-exit-code-error-124-002[0m 
[1;32m 	SA-permission-775-001
	SA-shellcheck-001[0m 
[1;36m 	SA-cleanup.sh[0m
[1;36m 	SA-setup.sh[0m
hooks/EXAMPLES/TEST/[1;33mFVT-exit-code-error-126-001[0m 
[1;32m 	SA-permission-775-001
	SA-shellcheck-001[0m 
[1;36m 	SA-cleanup.sh[0m
[1;36m 	SA-setup.sh[0m
hooks/EXAMPLES/TEST/[1;33mFVT-exit-code-error-127-001[0m 
[1;32m 	SA-permission-775-001
	SA-shellcheck-001[0m 
[1;36m 	SA-cleanup.sh[0m
[1;36m 	SA-setup.sh[0m
hooks/EXAMPLES/TEST/[1;33mFVT-exit-code-error-128-001[0m 
[1;32m 	SA-permission-775-001
	SA-shellcheck-001[0m 
[1;36m 	SA-cleanup.sh[0m
[1;36m 	SA-setup.sh[0m
hooks/EXAMPLES/TEST/[1;33mFVT-exit-code-error-130-001[0m 
[1;32m 	SA-permission-775-001
	SA-shellcheck-001[0m 
[1;36m 	SA-cleanup.sh[0m
[1;36m 	SA-setup.sh[0m
hooks/EXAMPLES/TEST/[1;33mFVT-exit-code-error-2-001[0m 
[1;32m 	SA-permission-775-001
	SA-shellcheck-001[0m 
[1;36m 	SA-cleanup.sh[0m
[1;36m 	SA-setup.sh[0m
hooks/EXAMPLES/TEST/[1;33mFVT-option-help-001[0m 
[1;32m 	SA-permission-775-001
	SA-shellcheck-001[0m 
[1;36m 	SA-cleanup.sh[0m
[1;36m 	SA-setup.sh[0m
hooks/EXAMPLES/TEST/[1;33mFVT-option-help-002[0m 
[1;32m 	SA-permission-775-001
	SA-shellcheck-001[0m 
[1;36m 	SA-cleanup.sh[0m
[1;36m 	SA-setup.sh[0m
hooks/EXAMPLES/TEST/[1;33mFVT-option-help-003[0m 
[1;32m 	SA-permission-775-001
	SA-shellcheck-001[0m 
[1;36m 	SA-cleanup.sh[0m
[1;36m 	SA-setup.sh[0m
hooks/EXAMPLES/TEST/[1;33mFVT-option-help-004[0m 
[1;32m 	SA-permission-775-001
	SA-shellcheck-001[0m 
[1;36m 	SA-cleanup.sh[0m
[1;36m 	SA-setup.sh[0m
hooks/EXAMPLES/TEST/[1;33mFVT-option-help-005[0m 
[1;32m 	SA-permission-775-001
	SA-shellcheck-001[0m 
[1;36m 	SA-cleanup.sh[0m
[1;36m 	SA-setup.sh[0m
hooks/EXAMPLES/TEST/[1;33mFVT-option-help-006[0m 
[1;32m 	SA-permission-775-001
	SA-shellcheck-001[0m 
[1;36m 	SA-cleanup.sh[0m
[1;36m 	SA-setup.sh[0m
hooks/EXAMPLES/TEST/[1;33mFVT-option-usage-001[0m 
[1;32m 	SA-permission-775-001
	SA-shellcheck-001[0m 
[1;36m 	SA-cleanup.sh[0m
[1;36m 	SA-setup.sh[0m
hooks/EXAMPLES/TEST/[1;33mFVT-option-usage-002[0m 
[1;32m 	SA-permission-775-001
	SA-shellcheck-001[0m 
[1;36m 	SA-cleanup.sh[0m
[1;36m 	SA-setup.sh[0m
hooks/EXAMPLES/TEST/[1;33mFVT-option-usage-003[0m 
[1;32m 	SA-permission-775-001
	SA-shellcheck-001[0m 
[1;36m 	SA-cleanup.sh[0m
[1;36m 	SA-setup.sh[0m
hooks/EXAMPLES/TEST/[1;33mFVT-option-version-001[0m 
[1;32m 	SA-permission-775-001
	SA-shellcheck-001[0m 
[1;36m 	SA-cleanup.sh[0m
[1;36m 	SA-setup.sh[0m
hooks/EXAMPLES/TEST/[1;33mFVT-option-version-002[0m 
[1;32m 	SA-permission-775-001
	SA-shellcheck-001[0m 
[1;36m 	SA-cleanup.sh[0m
[1;36m 	SA-setup.sh[0m
hooks/EXAMPLES/TEST/[1;33mFVT-option-version-003[0m 
[1;32m 	SA-permission-775-001
	SA-shellcheck-001[0m 
[1;36m 	SA-cleanup.sh[0m
[1;36m 	SA-setup.sh[0m
hooks/EXAMPLES/TEST/[1;33mFVT-setup.sh[0m 
[1;32m 	SA-permission-775-001
	SA-shellcheck-001[0m 
[1;36m 	SA-cleanup.sh[0m
[1;36m 	SA-setup.sh[0m
hooks/EXAMPLES/TEST/[1;33mGIT-VARIABLES-EXAMPLES.sh[0m 
[1;32m 	SA-permission-775-001
	SA-shellcheck-001[0m 
[1;36m 	SA-cleanup.sh[0m
[1;36m 	SA-setup.sh[0m
hooks/EXAMPLES/TEST/[1;33mSA-cleanup.sh[0m 
[1;32m 	SA-permission-775-001
	SA-shellcheck-001[0m 
[1;36m 	SA-cleanup.sh[0m
[1;36m 	SA-setup.sh[0m
hooks/EXAMPLES/TEST/[1;33mSA-exit-code-error-124-001[0m 
[1;32m 	SA-permission-775-001
	SA-shellcheck-001[0m 
[1;36m 	SA-cleanup.sh[0m
[1;36m 	SA-setup.sh[0m
hooks/EXAMPLES/TEST/[1;33mSA-exit-code-error-124-002[0m 
[1;32m 	SA-permission-775-001
	SA-shellcheck-001[0m 
[1;36m 	SA-cleanup.sh[0m
[1;36m 	SA-setup.sh[0m
hooks/EXAMPLES/TEST/[1;33mSA-exit-code-error-2-001[0m 
[1;32m 	SA-permission-775-001
	SA-shellcheck-001[0m 
[1;36m 	SA-cleanup.sh[0m
[1;36m 	SA-setup.sh[0m
hooks/EXAMPLES/TEST/[1;33mSA-permission-400-001[0m 
[1;32m 	SA-permission-775-001
	SA-shellcheck-001[0m 
[1;36m 	SA-cleanup.sh[0m
[1;36m 	SA-setup.sh[0m
hooks/EXAMPLES/TEST/[1;33mSA-permission-440-001[0m 
[1;32m 	SA-permission-775-001
	SA-shellcheck-001[0m 
[1;36m 	SA-cleanup.sh[0m
[1;36m 	SA-setup.sh[0m
hooks/EXAMPLES/TEST/[1;33mSA-permission-444-001[0m 
[1;32m 	SA-permission-775-001
	SA-shellcheck-001[0m 
[1;36m 	SA-cleanup.sh[0m
[1;36m 	SA-setup.sh[0m
hooks/EXAMPLES/TEST/[1;33mSA-permission-600-001[0m 
[1;32m 	SA-permission-775-001
	SA-shellcheck-001[0m 
[1;36m 	SA-cleanup.sh[0m
[1;36m 	SA-setup.sh[0m
hooks/EXAMPLES/TEST/[1;33mSA-permission-640-001[0m 
[1;32m 	SA-permission-775-001
	SA-shellcheck-001[0m 
[1;36m 	SA-cleanup.sh[0m
[1;36m 	SA-setup.sh[0m
hooks/EXAMPLES/TEST/[1;33mSA-permission-644-001[0m 
[1;32m 	SA-permission-775-001
	SA-shellcheck-001[0m 
[1;36m 	SA-cleanup.sh[0m
[1;36m 	SA-setup.sh[0m
hooks/EXAMPLES/TEST/[1;33mSA-permission-660-001[0m 
[1;32m 	SA-permission-775-001
	SA-shellcheck-001[0m 
[1;36m 	SA-cleanup.sh[0m
[1;36m 	SA-setup.sh[0m
hooks/EXAMPLES/TEST/[1;33mSA-permission-664-001[0m 
[1;32m 	SA-permission-775-001
	SA-shellcheck-001[0m 
[1;36m 	SA-cleanup.sh[0m
[1;36m 	SA-setup.sh[0m
hooks/EXAMPLES/TEST/[1;33mSA-permission-666-001[0m 
[1;32m 	SA-permission-775-001
	SA-shellcheck-001[0m 
[1;36m 	SA-cleanup.sh[0m
[1;36m 	SA-setup.sh[0m
hooks/EXAMPLES/TEST/[1;33mSA-permission-700-001[0m 
[1;32m 	SA-permission-775-001
	SA-shellcheck-001[0m 
[1;36m 	SA-cleanup.sh[0m
[1;36m 	SA-setup.sh[0m
hooks/EXAMPLES/TEST/[1;33mSA-permission-750-001[0m 
[1;32m 	SA-permission-775-001
	SA-shellcheck-001[0m 
[1;36m 	SA-cleanup.sh[0m
[1;36m 	SA-setup.sh[0m
hooks/EXAMPLES/TEST/[1;33mSA-permission-755-001[0m 
[1;32m 	SA-permission-775-001
	SA-shellcheck-001[0m 
[1;36m 	SA-cleanup.sh[0m
[1;36m 	SA-setup.sh[0m
hooks/EXAMPLES/TEST/[1;33mSA-permission-770-001[0m 
[1;32m 	SA-permission-775-001
	SA-shellcheck-001[0m 
[1;36m 	SA-cleanup.sh[0m
[1;36m 	SA-setup.sh[0m
hooks/EXAMPLES/TEST/[1;33mSA-permission-775-001[0m 
[1;32m 	SA-permission-775-001
	SA-shellcheck-001[0m 
[1;36m 	SA-cleanup.sh[0m
[1;36m 	SA-setup.sh[0m
hooks/EXAMPLES/TEST/[1;33mSA-permission-777-001[0m 
[1;32m 	SA-permission-775-001
	SA-shellcheck-001[0m 
[1;36m 	SA-cleanup.sh[0m
[1;36m 	SA-setup.sh[0m
hooks/EXAMPLES/TEST/[1;33mSA-permission-dir-001[0m 
[1;32m 	SA-permission-775-001
	SA-shellcheck-001[0m 
[1;36m 	SA-cleanup.sh[0m
[1;36m 	SA-setup.sh[0m
hooks/EXAMPLES/TEST/[1;33mSA-permission-grp-10000-001[0m 
[1;32m 	SA-permission-775-001
	SA-shellcheck-001[0m 
[1;36m 	SA-cleanup.sh[0m
[1;36m 	SA-setup.sh[0m
hooks/EXAMPLES/TEST/[1;33mSA-permission-own-10000-001[0m 
[1;32m 	SA-permission-775-001
	SA-shellcheck-001[0m 
[1;36m 	SA-cleanup.sh[0m
[1;36m 	SA-setup.sh[0m
hooks/EXAMPLES/TEST/[1;33mSA-setup.sh[0m 
[1;32m 	SA-permission-775-001
	SA-shellcheck-001[0m 
[1;36m 	SA-cleanup.sh[0m
[1;36m 	SA-setup.sh[0m
hooks/EXAMPLES/TEST/[1;33mSA-shellcheck-001[0m 
[1;32m 	SA-permission-775-001
	SA-shellcheck-001[0m 
[1;36m 	SA-cleanup.sh[0m
[1;36m 	SA-setup.sh[0m
hooks/EXAMPLES/TEST/[1;33mSA-type-tar-V7-001[0m 
[1;32m 	name-that-file-format-v7
	name-that-file-old-archive
	name-that-file-portability
	SA-permission-775-001
	SA-shellcheck-001[0m 
[1;36m 	SA-cleanup.sh[0m
[1;36m 	SA-setup.sh[0m
hooks/bin/TEST/[1;33mgit-TEST-cases.sh[0m 
[1;32m 	FVT-option-a-001
	FVT-option-a-002
	FVT-option-add-001
	FVT-option-a-hooks-001
	FVT-option-a-hooks-002
	FVT-option-c-001
	FVT-option-c-002
	FVT-option-c-hooks-001
	FVT-option-f-001
	FVT-option-help-001
	FVT-option-help-002
	FVT-option-help-003
	FVT-option-help-004
	FVT-option-help-005
	FVT-option-help-006
	FVT-option-n-001
	FVT-option-usage-001
	FVT-option-usage-002
	FVT-option-usage-003
	FVT-option-version-001
	FVT-option-version-002
	FVT-option-version-003
	SA-permission-775-001
	SA-shellcheck-001[0m 
[1;36m 	FVT-cleanup.sh
	SA-cleanup.sh[0m
[1;36m 	FVT-setup.sh
	SA-setup.sh[0m
hooks/bin/TEST/[1;33msetup-git-TEST-cases.sh[0m 
[1;32m 	SA-permission-775-001
	SA-shellcheck-001[0m 
[1;36m 	SA-cleanup.sh[0m
[1;36m 	SA-setup.sh[0m
hooks/bin/TEST/[1;33muninstall-git-TEST-cases.sh[0m 
[1;32m 	SA-permission-775-001
	SA-shellcheck-001[0m 
[1;36m 	SA-cleanup.sh[0m
[1;36m 	SA-setup.sh[0m
