
[1m    Argument for --filename is not found on command line

