
[1m    Argument for -f is not found on command line

