[1m[33m
    INFO:  [37mIf filename is not found.  Check spelling of filename
    or try  [33mgit-TEST-cases.sh --filename <FILE_NAME> --hooks
    [37mor try  [33mgit-TEST-cases.sh --help(B[m

