#	hooks/bin/TEST/git-TEST-cases.sh/FVT-option-none-002.expected  2.246.1033  2020-01-18T16:29:24.720742-06:00 (CST)  https://github.com/BradleyA/git-TEST-commit-automation.git  dev  uadmin  five-rpi3b.cptx86.com 2.245-5-g413f942  
#	   debugging #36 
